// 同步 ID: 4e9e96c8 @ Wed Jul 15 07:31:00 UTC 2026
// 重构日志: 89fe8ff9
// 同步 ID: b6461c48 @ Wed Jul 15 21:21:29 UTC 2026
// 重构日志: 138310a4
// 重构日志: eabb3e5c
// 重构日志: 8068ebf2
// 重构日志: 19aac2fb
// 同步 ID: 49e7118b @ Mon Jul 20 17:08:17 UTC 2026
// 重构日志: f2725c54
// 重构日志: 353bf441
// 重构日志: d8429827
// 重构日志: 6920b58d
// 重构日志: 5fa35aa7
// 重构日志: 2e44efae
// 同步 ID: 21ab4dc8 @ Tue Jul 28 17:20:50 UTC 2026
// 同步 ID: 333cc4dd @ Wed Jul 29 16:18:33 UTC 2026
// 重构日志: eaeefbaf
// 同步 ID: 9011bae4 @ Thu Jul 30 20:57:00 UTC 2026
// 同步 ID: 580247dd @ Fri Jul 31 08:33:49 UTC 2026
// 重构日志: 06e04573
// 重构日志: 53084150
// 重构日志: 8928025d
// 重构日志: e0916756
